# Bake Begins!
### (1 of 6) Copy sources
$ cp -a /home/travis/build/fontdirectory/rosario/METADATA.json /home/travis/build/fontdirectory/rosario/builds/build
$ cp -a /home/travis/build/fontdirectory/rosario/DESCRIPTION.en_us.html /home/travis/build/fontdirectory/rosario/builds/build
$ cp -a /home/travis/build/fontdirectory/rosario/FONTLOG.txt /home/travis/build/fontdirectory/rosario/builds/build
$ cp -a Rosario-Bold.ttf.ttx Rosario-Italic.ttf.ttx Rosario-BoldItalic.ttf.ttx Rosario-Regular.ttf.ttx src/Rosario-Italic.otf.ttx src/Rosario-Bold.otf.ttx src/Rosario-Regular.otf.ttx src/Rosario-BoldItalic.otf.ttx Rosario-Bold.ttf.G_P_O_S_.ttx Rosario-Bold.ttf._f_p_g_m.ttx Rosario-Bold.ttf._c_m_a_p.ttx Rosario-Bold.ttf._h_h_e_a.ttx Rosario-Bold.ttf._h_d_m_x.ttx Rosario-Bold.ttf._h_m_t_x.ttx Rosario-Bold.ttf._g_a_s_p.ttx Rosario-Bold.ttf._c_v_t.ttx Rosario-Bold.ttf._p_r_e_p.ttx Rosario-Bold.ttf.O_S_2f_2.ttx Rosario-Bold.ttf._m_a_x_p.ttx Rosario-Bold.ttf._n_a_m_e.ttx Rosario-Bold.ttf._h_e_a_d.ttx Rosario-Bold.ttf.L_T_S_H_.ttx Rosario-Bold.ttf.G_D_E_F_.ttx Rosario-Bold.ttf.GlyphOrder.ttx Rosario-Bold.ttf._l_o_c_a.ttx Rosario-Bold.ttf._p_o_s_t.ttx Rosario-Bold.ttf.V_D_M_X_.ttx Rosario-Bold.ttf.G_S_U_B_.ttx Rosario-Bold.ttf._g_l_y_f.ttx Rosario-Bold.ttf._k_e_r_n.ttx Rosario-Italic.ttf._h_e_a_d.ttx Rosario-Italic.ttf._k_e_r_n.ttx Rosario-Italic.ttf.G_P_O_S_.ttx Rosario-Italic.ttf._g_l_y_f.ttx Rosario-Italic.ttf._g_a_s_p.ttx Rosario-Italic.ttf._c_m_a_p.ttx Rosario-Italic.ttf._h_d_m_x.ttx Rosario-Italic.ttf.V_D_M_X_.ttx Rosario-Italic.ttf._n_a_m_e.ttx Rosario-Italic.ttf.G_D_E_F_.ttx Rosario-Italic.ttf._p_r_e_p.ttx Rosario-Italic.ttf.O_S_2f_2.ttx Rosario-Italic.ttf.GlyphOrder.ttx Rosario-Italic.ttf._m_a_x_p.ttx Rosario-Italic.ttf._l_o_c_a.ttx Rosario-Italic.ttf._c_v_t.ttx Rosario-Italic.ttf._h_m_t_x.ttx Rosario-Italic.ttf._p_o_s_t.ttx Rosario-Italic.ttf.G_S_U_B_.ttx Rosario-Italic.ttf._h_h_e_a.ttx Rosario-Italic.ttf._f_p_g_m.ttx Rosario-Italic.ttf.L_T_S_H_.ttx Rosario-BoldItalic.ttf._c_v_t.ttx Rosario-BoldItalic.ttf._c_m_a_p.ttx Rosario-BoldItalic.ttf._n_a_m_e.ttx Rosario-BoldItalic.ttf.G_S_U_B_.ttx Rosario-BoldItalic.ttf._l_o_c_a.ttx Rosario-BoldItalic.ttf.L_T_S_H_.ttx Rosario-BoldItalic.ttf._h_d_m_x.ttx Rosario-BoldItalic.ttf._p_o_s_t.ttx Rosario-BoldItalic.ttf.G_D_E_F_.ttx Rosario-BoldItalic.ttf._h_m_t_x.ttx Rosario-BoldItalic.ttf.V_D_M_X_.ttx Rosario-BoldItalic.ttf._h_e_a_d.ttx Rosario-BoldItalic.ttf.G_P_O_S_.ttx Rosario-BoldItalic.ttf._h_h_e_a.ttx Rosario-BoldItalic.ttf._g_l_y_f.ttx Rosario-BoldItalic.ttf.GlyphOrder.ttx Rosario-BoldItalic.ttf._f_p_g_m.ttx Rosario-BoldItalic.ttf._p_r_e_p.ttx Rosario-BoldItalic.ttf._m_a_x_p.ttx Rosario-BoldItalic.ttf._k_e_r_n.ttx Rosario-BoldItalic.ttf.O_S_2f_2.ttx Rosario-BoldItalic.ttf._g_a_s_p.ttx Rosario-Regular.ttf._l_o_c_a.ttx Rosario-Regular.ttf._h_h_e_a.ttx Rosario-Regular.ttf._c_v_t.ttx Rosario-Regular.ttf._p_o_s_t.ttx Rosario-Regular.ttf._c_m_a_p.ttx Rosario-Regular.ttf._h_d_m_x.ttx Rosario-Regular.ttf.GlyphOrder.ttx Rosario-Regular.ttf._k_e_r_n.ttx Rosario-Regular.ttf.G_D_E_F_.ttx Rosario-Regular.ttf.G_P_O_S_.ttx Rosario-Regular.ttf._g_a_s_p.ttx Rosario-Regular.ttf._h_m_t_x.ttx Rosario-Regular.ttf._g_l_y_f.ttx Rosario-Regular.ttf.O_S_2f_2.ttx Rosario-Regular.ttf._h_e_a_d.ttx Rosario-Regular.ttf.L_T_S_H_.ttx Rosario-Regular.ttf.V_D_M_X_.ttx Rosario-Regular.ttf._f_p_g_m.ttx Rosario-Regular.ttf._m_a_x_p.ttx Rosario-Regular.ttf.G_S_U_B_.ttx Rosario-Regular.ttf._p_r_e_p.ttx Rosario-Regular.ttf._n_a_m_e.ttx src/Rosario-Italic.otf._h_h_e_a.ttx src/Rosario-Italic.otf.C_F_F_.ttx src/Rosario-Italic.otf._k_e_r_n.ttx src/Rosario-Italic.otf._p_o_s_t.ttx src/Rosario-Italic.otf._m_a_x_p.ttx src/Rosario-Italic.otf._n_a_m_e.ttx src/Rosario-Italic.otf.GlyphOrder.ttx src/Rosario-Italic.otf._h_e_a_d.ttx src/Rosario-Italic.otf._c_m_a_p.ttx src/Rosario-Italic.otf.O_S_2f_2.ttx src/Rosario-Italic.otf._h_m_t_x.ttx src/Rosario-Bold.otf._n_a_m_e.ttx src/Rosario-Bold.otf._k_e_r_n.ttx src/Rosario-Bold.otf.O_S_2f_2.ttx src/Rosario-Bold.otf._h_h_e_a.ttx src/Rosario-Bold.otf._c_m_a_p.ttx src/Rosario-Bold.otf._h_e_a_d.ttx src/Rosario-Bold.otf._m_a_x_p.ttx src/Rosario-Bold.otf._p_o_s_t.ttx src/Rosario-Bold.otf._h_m_t_x.ttx src/Rosario-Bold.otf.C_F_F_.ttx src/Rosario-Bold.otf.GlyphOrder.ttx src/Rosario-Regular.otf._p_o_s_t.ttx src/Rosario-Regular.otf._m_a_x_p.ttx src/Rosario-Regular.otf.GlyphOrder.ttx src/Rosario-Regular.otf.O_S_2f_2.ttx src/Rosario-Regular.otf._n_a_m_e.ttx src/Rosario-Regular.otf.C_F_F_.ttx src/Rosario-Regular.otf._h_m_t_x.ttx src/Rosario-Regular.otf._h_h_e_a.ttx src/Rosario-Regular.otf._k_e_r_n.ttx src/Rosario-Regular.otf._h_e_a_d.ttx src/Rosario-Regular.otf._c_m_a_p.ttx src/Rosario-BoldItalic.otf.GlyphOrder.ttx src/Rosario-BoldItalic.otf._p_o_s_t.ttx src/Rosario-BoldItalic.otf._h_h_e_a.ttx src/Rosario-BoldItalic.otf._h_e_a_d.ttx src/Rosario-BoldItalic.otf._m_a_x_p.ttx src/Rosario-BoldItalic.otf._k_e_r_n.ttx src/Rosario-BoldItalic.otf.O_S_2f_2.ttx src/Rosario-BoldItalic.otf._n_a_m_e.ttx src/Rosario-BoldItalic.otf._h_m_t_x.ttx src/Rosario-BoldItalic.otf.C_F_F_.ttx src/Rosario-BoldItalic.otf._c_m_a_p.ttx /home/travis/build/fontdirectory/rosario/builds/build/sources
### (2 of 6) pyfontaine
### (3 of 6) Run upstream tests
$ fontbakery-check.py upstream-repo sources
$ fontaine --collections subsets --text /home/travis/build/fontdirectory/rosario/builds/build/sources/Rosario-Bold.ttf.ttx /home/travis/build/fontdirectory/rosario/builds/build/sources/Rosario-Italic.otf.ttx /home/travis/build/fontdirectory/rosario/builds/build/sources/Rosario-Italic.ttf.ttx /home/travis/build/fontdirectory/rosario/builds/build/sources/Rosario-BoldItalic.ttf.ttx /home/travis/build/fontdirectory/rosario/builds/build/sources/Rosario-Regular.ttf.ttx /home/travis/build/fontdirectory/rosario/builds/build/sources/Rosario-Bold.otf.ttx /home/travis/build/fontdirectory/rosario/builds/build/sources/Rosario-Regular.otf.ttx /home/travis/build/fontdirectory/rosario/builds/build/sources/Rosario-BoldItalic.otf.ttx > fontaine.txt
WARNING: Please install [PyICU](https://pypi.python.org/pypi/PyICU) toenable [feature], perhaps with: pip install pyicu
bakery_lint.tests.upstream.test_prepolation.FontTestPrepolation.test_font_prepolation_glyph_contours(): OK
end of pyfontaine process
bakery_lint.tests.upstream.test_prepolation.FontTestPrepolation.test_font_prepolation_glyph_points(): OK
bakery_lint.tests.upstream.test_prepolation.FontTestPrepolation.test_font_test_prepolation_glyph_names(): OK
bakery_lint.tests.upstream.test_check_upstream_sources.ProjectUpstreamTestCase.test_bakery_yaml_exists(): OK
bakery_lint.tests.upstream.test_check_upstream_sources.ProjectUpstreamTestCase.test_copyright_notices_same_across_family(): OK
bakery_lint.tests.upstream.test_check_upstream_sources.ProjectUpstreamTestCase.test_description_html_exists(): OK
bakery_lint.tests.upstream.test_check_upstream_sources.ProjectUpstreamTestCase.test_fontlog_txt_exists(): OK
bakery_lint.tests.upstream.test_check_upstream_sources.ProjectUpstreamTestCase.test_metadata_json_exists(): OK
bakery_lint.tests.upstream.test_diacritic.TestDiacritic.test_diacritic_made_as_component(): OK
bakery_lint.tests.upstream.test_diacritic.TestDiacritic.test_diacritic_made_as_mark_to_mark(): OK
bakery_lint.tests.upstream.test_diacritic.TestDiacritic.test_diacritic_made_as_own_glyphs(): OK
$ fontbakery-check.py upstream-ttx Rosario-Bold.ttf.ttx
bakery_lint.tests.upstream.test_font_filename_eq_familystyle.TestTTFSourceFontFileNameEqualsFamilyStyle.test_source_ttf_font_filename_equals_familystyle(): FAIL
$ mv /home/travis/build/fontdirectory/rosario/builds/build/sources/Rosario-Bold.ttf.ttx /home/travis/build/fontdirectory/rosario/builds/build/sources/Rosario-Bold.ttx
bakery_lint.tests.upstream.test_font_filename_eq_familystyle.TestTTFSourceFontFileNameEqualsFamilyStyle.test_source_ttf_font_filename_equals_familystyle(): OK
bakery_lint.tests.upstream.test_check_ttx_requirements.SourceTTXTest.test_epar_in_keys(): FAIL
bakery_lint.tests.upstream.test_check_ttx_requirements.SourceTTXTest.test_os2_in_keys(): OK
bakery_lint.tests.upstream.test_check_ttx_requirements.SourceTTXTest.test_ttx_doesnt_contain_duplicate_glyphs(): OK
bakery_lint.tests.upstream.test_check_ttx_fontfamily_recommendations.TTX_FontFamilyNamingTest.test_ttx_family_naming_recommendation(): OK
bakery_lint.tests.upstream.test_glyphname_does_not_contain_disallowed_chars.TestGlyphNameDoesNotContainsDisallowedChars.test_glyphname_does_not_contain_disallowed_chars(): FAIL
$ fontbakery-check.py upstream-ttx Rosario-Italic.otf.ttx
bakery_lint.tests.upstream.test_font_filename_eq_familystyle.TestTTFSourceFontFileNameEqualsFamilyStyle.test_source_ttf_font_filename_equals_familystyle(): FAIL
$ mv /home/travis/build/fontdirectory/rosario/builds/build/sources/Rosario-Italic.otf.ttx /home/travis/build/fontdirectory/rosario/builds/build/sources/Rosario-Regular.ttx
bakery_lint.tests.upstream.test_font_filename_eq_familystyle.TestTTFSourceFontFileNameEqualsFamilyStyle.test_source_ttf_font_filename_equals_familystyle(): OK
bakery_lint.tests.upstream.test_check_ttx_requirements.SourceTTXTest.test_epar_in_keys(): FAIL
bakery_lint.tests.upstream.test_check_ttx_requirements.SourceTTXTest.test_os2_in_keys(): OK
bakery_lint.tests.upstream.test_check_ttx_requirements.SourceTTXTest.test_ttx_doesnt_contain_duplicate_glyphs(): OK
bakery_lint.tests.upstream.test_check_ttx_fontfamily_recommendations.TTX_FontFamilyNamingTest.test_ttx_family_naming_recommendation(): OK
bakery_lint.tests.upstream.test_glyphname_does_not_contain_disallowed_chars.TestGlyphNameDoesNotContainsDisallowedChars.test_glyphname_does_not_contain_disallowed_chars(): OK
$ fontbakery-check.py upstream-ttx Rosario-Italic.ttf.ttx
bakery_lint.tests.upstream.test_font_filename_eq_familystyle.TestTTFSourceFontFileNameEqualsFamilyStyle.test_source_ttf_font_filename_equals_familystyle(): FAIL
$ mv /home/travis/build/fontdirectory/rosario/builds/build/sources/Rosario-Italic.ttf.ttx /home/travis/build/fontdirectory/rosario/builds/build/sources/Rosario-Italic.ttx
bakery_lint.tests.upstream.test_font_filename_eq_familystyle.TestTTFSourceFontFileNameEqualsFamilyStyle.test_source_ttf_font_filename_equals_familystyle(): OK
bakery_lint.tests.upstream.test_check_ttx_requirements.SourceTTXTest.test_epar_in_keys(): FAIL
bakery_lint.tests.upstream.test_check_ttx_requirements.SourceTTXTest.test_os2_in_keys(): OK
bakery_lint.tests.upstream.test_check_ttx_requirements.SourceTTXTest.test_ttx_doesnt_contain_duplicate_glyphs(): OK
bakery_lint.tests.upstream.test_check_ttx_fontfamily_recommendations.TTX_FontFamilyNamingTest.test_ttx_family_naming_recommendation(): OK
bakery_lint.tests.upstream.test_glyphname_does_not_contain_disallowed_chars.TestGlyphNameDoesNotContainsDisallowedChars.test_glyphname_does_not_contain_disallowed_chars(): FAIL
$ fontbakery-check.py upstream-ttx Rosario-BoldItalic.ttf.ttx
bakery_lint.tests.upstream.test_font_filename_eq_familystyle.TestTTFSourceFontFileNameEqualsFamilyStyle.test_source_ttf_font_filename_equals_familystyle(): FAIL
$ mv /home/travis/build/fontdirectory/rosario/builds/build/sources/Rosario-BoldItalic.ttf.ttx /home/travis/build/fontdirectory/rosario/builds/build/sources/Rosario-BoldItalic.ttx
bakery_lint.tests.upstream.test_font_filename_eq_familystyle.TestTTFSourceFontFileNameEqualsFamilyStyle.test_source_ttf_font_filename_equals_familystyle(): OK
bakery_lint.tests.upstream.test_check_ttx_requirements.SourceTTXTest.test_epar_in_keys(): FAIL
bakery_lint.tests.upstream.test_check_ttx_requirements.SourceTTXTest.test_os2_in_keys(): OK
bakery_lint.tests.upstream.test_check_ttx_requirements.SourceTTXTest.test_ttx_doesnt_contain_duplicate_glyphs(): OK
bakery_lint.tests.upstream.test_check_ttx_fontfamily_recommendations.TTX_FontFamilyNamingTest.test_ttx_family_naming_recommendation(): OK
bakery_lint.tests.upstream.test_glyphname_does_not_contain_disallowed_chars.TestGlyphNameDoesNotContainsDisallowedChars.test_glyphname_does_not_contain_disallowed_chars(): FAIL
$ fontbakery-check.py upstream-ttx Rosario-Regular.ttf.ttx
bakery_lint.tests.upstream.test_font_filename_eq_familystyle.TestTTFSourceFontFileNameEqualsFamilyStyle.test_source_ttf_font_filename_equals_familystyle(): FAIL
$ mv /home/travis/build/fontdirectory/rosario/builds/build/sources/Rosario-Regular.ttf.ttx /home/travis/build/fontdirectory/rosario/builds/build/sources/Rosario-Regular.ttx
bakery_lint.tests.upstream.test_font_filename_eq_familystyle.TestTTFSourceFontFileNameEqualsFamilyStyle.test_source_ttf_font_filename_equals_familystyle(): OK
bakery_lint.tests.upstream.test_check_ttx_requirements.SourceTTXTest.test_epar_in_keys(): FAIL
bakery_lint.tests.upstream.test_check_ttx_requirements.SourceTTXTest.test_os2_in_keys(): OK
bakery_lint.tests.upstream.test_check_ttx_requirements.SourceTTXTest.test_ttx_doesnt_contain_duplicate_glyphs(): OK
bakery_lint.tests.upstream.test_check_ttx_fontfamily_recommendations.TTX_FontFamilyNamingTest.test_ttx_family_naming_recommendation(): OK
bakery_lint.tests.upstream.test_glyphname_does_not_contain_disallowed_chars.TestGlyphNameDoesNotContainsDisallowedChars.test_glyphname_does_not_contain_disallowed_chars(): FAIL
$ fontbakery-check.py upstream-ttx Rosario-Bold.otf.ttx
bakery_lint.tests.upstream.test_font_filename_eq_familystyle.TestTTFSourceFontFileNameEqualsFamilyStyle.test_source_ttf_font_filename_equals_familystyle(): FAIL
$ mv /home/travis/build/fontdirectory/rosario/builds/build/sources/Rosario-Bold.otf.ttx /home/travis/build/fontdirectory/rosario/builds/build/sources/Rosario-Bold.ttx
bakery_lint.tests.upstream.test_font_filename_eq_familystyle.TestTTFSourceFontFileNameEqualsFamilyStyle.test_source_ttf_font_filename_equals_familystyle(): OK
bakery_lint.tests.upstream.test_check_ttx_requirements.SourceTTXTest.test_epar_in_keys(): FAIL
bakery_lint.tests.upstream.test_check_ttx_requirements.SourceTTXTest.test_os2_in_keys(): OK
bakery_lint.tests.upstream.test_check_ttx_requirements.SourceTTXTest.test_ttx_doesnt_contain_duplicate_glyphs(): OK
bakery_lint.tests.upstream.test_check_ttx_fontfamily_recommendations.TTX_FontFamilyNamingTest.test_ttx_family_naming_recommendation(): OK
bakery_lint.tests.upstream.test_glyphname_does_not_contain_disallowed_chars.TestGlyphNameDoesNotContainsDisallowedChars.test_glyphname_does_not_contain_disallowed_chars(): OK
$ fontbakery-check.py upstream-ttx Rosario-Regular.otf.ttx
bakery_lint.tests.upstream.test_font_filename_eq_familystyle.TestTTFSourceFontFileNameEqualsFamilyStyle.test_source_ttf_font_filename_equals_familystyle(): FAIL
$ mv /home/travis/build/fontdirectory/rosario/builds/build/sources/Rosario-Regular.otf.ttx /home/travis/build/fontdirectory/rosario/builds/build/sources/Rosario-Regular.ttx
bakery_lint.tests.upstream.test_font_filename_eq_familystyle.TestTTFSourceFontFileNameEqualsFamilyStyle.test_source_ttf_font_filename_equals_familystyle(): OK
bakery_lint.tests.upstream.test_check_ttx_requirements.SourceTTXTest.test_epar_in_keys(): FAIL
bakery_lint.tests.upstream.test_check_ttx_requirements.SourceTTXTest.test_os2_in_keys(): OK
bakery_lint.tests.upstream.test_check_ttx_requirements.SourceTTXTest.test_ttx_doesnt_contain_duplicate_glyphs(): OK
bakery_lint.tests.upstream.test_check_ttx_fontfamily_recommendations.TTX_FontFamilyNamingTest.test_ttx_family_naming_recommendation(): OK
bakery_lint.tests.upstream.test_glyphname_does_not_contain_disallowed_chars.TestGlyphNameDoesNotContainsDisallowedChars.test_glyphname_does_not_contain_disallowed_chars(): OK
$ fontbakery-check.py upstream-ttx Rosario-BoldItalic.otf.ttx
bakery_lint.tests.upstream.test_font_filename_eq_familystyle.TestTTFSourceFontFileNameEqualsFamilyStyle.test_source_ttf_font_filename_equals_familystyle(): FAIL
$ mv /home/travis/build/fontdirectory/rosario/builds/build/sources/Rosario-BoldItalic.otf.ttx /home/travis/build/fontdirectory/rosario/builds/build/sources/Rosario-BoldItalic.ttx
bakery_lint.tests.upstream.test_font_filename_eq_familystyle.TestTTFSourceFontFileNameEqualsFamilyStyle.test_source_ttf_font_filename_equals_familystyle(): OK
bakery_lint.tests.upstream.test_check_ttx_requirements.SourceTTXTest.test_epar_in_keys(): FAIL
bakery_lint.tests.upstream.test_check_ttx_requirements.SourceTTXTest.test_os2_in_keys(): OK
bakery_lint.tests.upstream.test_check_ttx_requirements.SourceTTXTest.test_ttx_doesnt_contain_duplicate_glyphs(): OK
bakery_lint.tests.upstream.test_check_ttx_fontfamily_recommendations.TTX_FontFamilyNamingTest.test_ttx_family_naming_recommendation(): OK
bakery_lint.tests.upstream.test_glyphname_does_not_contain_disallowed_chars.TestGlyphNameDoesNotContainsDisallowedChars.test_glyphname_does_not_contain_disallowed_chars(): OK
### (4 of 6) Convert sources to TTF
$ ttx -d /home/travis/build/fontdirectory/rosario/builds/build /home/travis/build/fontdirectory/rosario/builds/build/sources/Rosario-BoldItalic.ttx /home/travis/build/fontdirectory/rosario/builds/build/sources/Rosario-Bold.ttx /home/travis/build/fontdirectory/rosario/builds/build/sources/Rosario-Italic.ttx /home/travis/build/fontdirectory/rosario/builds/build/sources/Rosario-Regular.ttx
$ fontbakery-build-font2ttf.py sources/Rosario-BoldItalic.otf Rosario-BoldItalic.ttf
Warning: Mac and Windows entries in the 'name' table differ for the
 Fullname string in the language English (US)
 Mac String: Rosario Bold Italic
Windows String: Rosario-BoldItalic
Success: Generated OpenType-TTF (/home/travis/build/fontdirectory/rosario/builds/build/Rosario-BoldItalic.ttf)
Compiling "/home/travis/build/fontdirectory/rosario/builds/build/sources/Rosario-BoldItalic.ttx" to "/home/travis/build/fontdirectory/rosario/builds/build/Rosario-BoldItalic.otf"...
Parsing 'GlyphOrder' table...
Parsing 'head' table...
Parsing 'hhea' table...
Parsing 'maxp' table...
Parsing 'OS/2' table...
Parsing 'name' table...
Parsing 'cmap' table...
Parsing 'post' table...
Parsing 'CFF ' table...
Parsing 'hmtx' table...
Parsing 'kern' table...
Compiling "/home/travis/build/fontdirectory/rosario/builds/build/sources/Rosario-Bold.ttx" to "/home/travis/build/fontdirectory/rosario/builds/build/Rosario-Bold.otf"...
Parsing 'GlyphOrder' table...
Parsing 'head' table...
Parsing 'hhea' table...
Parsing 'maxp' table...
Parsing 'OS/2' table...
Parsing 'name' table...
Parsing 'cmap' table...
Parsing 'post' table...
Parsing 'CFF ' table...
Parsing 'hmtx' table...
Parsing 'kern' table...
Compiling "/home/travis/build/fontdirectory/rosario/builds/build/sources/Rosario-Italic.ttx" to "/home/travis/build/fontdirectory/rosario/builds/build/Rosario-Italic.ttf"...
Parsing 'GlyphOrder' table...
Parsing 'head' table...
Parsing 'hhea' table...
Parsing 'maxp' table...
Parsing 'OS/2' table...
Parsing 'hmtx' table...
Parsing 'LTSH' table...
Parsing 'VDMX' table...
Parsing 'hdmx' table...
Parsing 'cmap' table...
Parsing 'fpgm' table...
Parsing 'prep' table...
Parsing 'cvt ' table...
Parsing 'loca' table...
Parsing 'glyf' table...
Parsing 'kern' table...
Parsing 'name' table...
Parsing 'post' table...
Parsing 'gasp' table...
Parsing 'GDEF' table...
Parsing 'GPOS' table...
Parsing 'GSUB' table...
Compiling "/home/travis/build/fontdirectory/rosario/builds/build/sources/Rosario-Regular.ttx" to "/home/travis/build/fontdirectory/rosario/builds/build/Rosario-Regular.otf"...
Parsing 'GlyphOrder' table...
Parsing 'head' table...
Parsing 'hhea' table...
Parsing 'maxp' table...
Parsing 'OS/2' table...
Parsing 'name' table...
Parsing 'cmap' table...
Parsing 'post' table...
Parsing 'CFF ' table...
Parsing 'hmtx' table...
Parsing 'kern' table...
strippedname:/home/travis/build/fontdirectory/rosario/builds/build/Rosario-BoldItalic.otf
### Test Rosario-BoldItalic.ttf
$ fontbakery-check.py result Rosario-BoldItalic.ttf
bakery_lint.tests.downstream.test_check_italic_angle_agreement.CheckItalicAngleAgreement.test_check_italic_angle_agreement(): OK
bakery_lint.tests.downstream.test_check_upm_heights_less_120.TestCheckUPMHeightsLess120.test_check_upm_heigths_less_120(): FAIL
bakery_lint.tests.downstream.test_check_font_tables.CheckFontHasDsigTable.test_check_font_has_dsig_table(): OK
bakery_lint.tests.downstream.test_check_font_tables.CheckFontHasNotKernTable.test_no_kern_table_exists(): OK
bakery_lint.tests.downstream.test_check_name_table_recommendation.CheckStyleNameRecommendation.test_check_stylename_is_under_recommendations(): OK
bakery_lint.tests.downstream.test_check_name_table_recommendation.CheckOTFamilyNameRecommendation.test_check_opentype_familyname(): FAIL
$ fontbakery-fix-opentype-names.py /home/travis/build/fontdirectory/rosario/builds/build/Rosario-BoldItalic.ttf
$ mv /home/travis/build/fontdirectory/rosario/builds/build/Rosario-BoldItalic.ttf.fix /home/travis/build/fontdirectory/rosario/builds/build/Rosario-BoldItalic.ttf
bakery_lint.tests.downstream.test_check_name_table_recommendation.CheckOTFamilyNameRecommendation.test_check_opentype_familyname(): OK
bakery_lint.tests.downstream.test_check_name_table_recommendation.CheckOTStyleNameRecommendation.test_check_opentype_stylename(): OK
bakery_lint.tests.downstream.test_check_name_table_recommendation.CheckOTFullNameRecommendation.test_check_opentype_fullname(): OK
bakery_lint.tests.downstream.test_check_nbsp_width_matches_sp_width.CheckNbspWidthMatchesSpWidth.test_check_nbsp_width_matches_sp_width(): FAIL
$ fontbakery-fix-nbsp.py /home/travis/build/fontdirectory/rosario/builds/build/Rosario-BoldItalic.ttf
$ mv /home/travis/build/fontdirectory/rosario/builds/build/Rosario-BoldItalic.ttf.fix /home/travis/build/fontdirectory/rosario/builds/build/Rosario-BoldItalic.ttf
bakery_lint.tests.downstream.test_check_nbsp_width_matches_sp_width.CheckNbspWidthMatchesSpWidth.test_check_nbsp_width_matches_sp_width(): FAIL
bakery_lint.tests.downstream.test_check_names_same_across_platforms.CheckNamesSameAcrossPlatforms.test_check_names_same_across_platforms(): OK
bakery_lint.tests.downstream.test_check_panose_identification.CheckPanoseIdentification.test_check_panose_identification(): OK
bakery_lint.tests.downstream.test_check_license_included.CheckLicenseIncluded.test_license_included_in_font_names(): OK
bakery_lint.tests.downstream.test_check_full_font_name_begins_with_family_name.CheckFullFontNameBeginsWithFamilyName.test_check_full_font_name_begins_with_family_name(): OK
bakery_lint.tests.downstream.test_check_unused_glyph_data.CheckUnusedGlyphData.test_check_unused_glyph_data(): ERROR
bakery_lint.tests.downstream.test_gasp_table_value.CheckGaspTableType.test_check_gasp_table_type(): FAIL
$ fontbakery-fix-gasp.py --set=15 /home/travis/build/fontdirectory/rosario/builds/build/Rosario-BoldItalic.ttf
$ mv /home/travis/build/fontdirectory/rosario/builds/build/Rosario-BoldItalic.ttf.fix /home/travis/build/fontdirectory/rosario/builds/build/Rosario-BoldItalic.ttf
bakery_lint.tests.downstream.test_gasp_table_value.CheckGaspTableType.test_check_gasp_table_type(): OK
$ fontbakery-fix-gasp.py --set=15 /home/travis/build/fontdirectory/rosario/builds/build/Rosario-BoldItalic.ttf
$ mv /home/travis/build/fontdirectory/rosario/builds/build/Rosario-BoldItalic.ttf.fix /home/travis/build/fontdirectory/rosario/builds/build/Rosario-BoldItalic.ttf
bakery_lint.tests.downstream.test_check_hmtx_hhea_max_advance_width_agreement.CheckHmtxHheaMaxAdvanceWidthAgreement.test_check_hmtx_hhea_max_advance_width_agreement(): OK
bakery_lint.tests.downstream.test_check_font_agreements.CheckFsTypeIsNotSet.test_is_fstype_not_set(): OK
$ fontbakery-fix-fstype.py --autofix /home/travis/build/fontdirectory/rosario/builds/build/Rosario-BoldItalic.ttf
$ mv /home/travis/build/fontdirectory/rosario/builds/build/Rosario-BoldItalic.ttf.fix /home/travis/build/fontdirectory/rosario/builds/build/Rosario-BoldItalic.ttf
bakery_lint.tests.downstream.test_check_font_agreements.CheckFontAgreements.test_em_is_1000(): OK
bakery_lint.tests.downstream.test_check_font_agreements.CheckFontAgreements.test_font_is_font(): OK
bakery_lint.tests.downstream.test_check_font_agreements.CheckFontAgreements.test_latin_file_exists(): FAIL
bakery_lint.tests.downstream.test_check_font_agreements.CheckFontAgreements.test_menu_file_exists(): FAIL
bakery_lint.tests.downstream.test_check_magic_prep_code.CheckMagicPREPByteCode.test_prep_magic_code(): FAIL
bakery_lint.tests.downstream.test_check_unencoded_glyph.TestFontUnencodedGlyph.test_font_unencoded_glyphs(): FAIL
$ fontbakery-fix-glyph-private-encoding.py --autofix /home/travis/build/fontdirectory/rosario/builds/build/Rosario-BoldItalic.ttf
$ mv /home/travis/build/fontdirectory/rosario/builds/build/Rosario-BoldItalic.ttf.fix /home/travis/build/fontdirectory/rosario/builds/build/Rosario-BoldItalic.ttf
bakery_lint.tests.downstream.test_check_unencoded_glyph.TestFontUnencodedGlyph.test_font_unencoded_glyphs(): FAIL
bakery_lint.tests.downstream.test_check_glyph_existence.CheckGlyphExistence.test_euro(): OK
bakery_lint.tests.downstream.test_check_glyph_existence.CheckGlyphExistence.test_nbsp(): OK
bakery_lint.tests.downstream.test_check_glyph_existence.CheckGlyphExistence.test_space(): OK
bakery_lint.tests.downstream.test_check_vertical_metrics.CheckVerticalLinegapMetrics.test_metrics_linegaps_are_zero(): OK
bakery_lint.tests.downstream.test_check_vertical_metrics.CheckVerticalAscentMetrics.test_metrics_ascents_equal_bbox(): FAIL
$ fontbakery-fix-vertical-metrics.py --autofix /home/travis/build/fontdirectory/rosario/builds/build/Rosario-Italic.ttf /home/travis/build/fontdirectory/rosario/builds/build/Rosario-Bold.otf /home/travis/build/fontdirectory/rosario/builds/build/Rosario-BoldItalic.ttf /home/travis/build/fontdirectory/rosario/builds/build/Rosario-Regular.otf
$ mv /home/travis/build/fontdirectory/rosario/builds/build/Rosario-Italic.ttf.fix /home/travis/build/fontdirectory/rosario/builds/build/Rosario-Italic.ttf
$ mv /home/travis/build/fontdirectory/rosario/builds/build/Rosario-Bold.otf.fix /home/travis/build/fontdirectory/rosario/builds/build/Rosario-Bold.otf
$ mv /home/travis/build/fontdirectory/rosario/builds/build/Rosario-BoldItalic.ttf.fix /home/travis/build/fontdirectory/rosario/builds/build/Rosario-BoldItalic.ttf
$ mv /home/travis/build/fontdirectory/rosario/builds/build/Rosario-Regular.otf.fix /home/travis/build/fontdirectory/rosario/builds/build/Rosario-Regular.otf
$ fontbakery-fix-vertical-metrics.py /home/travis/build/fontdirectory/rosario/builds/build/Rosario-Italic.ttf /home/travis/build/fontdirectory/rosario/builds/build/Rosario-Bold.otf /home/travis/build/fontdirectory/rosario/builds/build/Rosario-BoldItalic.ttf /home/travis/build/fontdirectory/rosario/builds/build/Rosario-Regular.otf
Parameter              Rosario-Italic.ttf    Rosario-Bold.otf    Rosario-BoldItalic.ttf    Rosario-Regular.otf    
ymax                   948                   968                 977                       948                    
hhea.ascent            977                   977                 977                       977                    
OS/2.sTypoAscender     977                   977                 977                       977                    
OS/2.usWinAscent       977                   977                 977                       977                    
ymin                   -235                  -230                -231                      -230                   
hhea.descent           -235                  -235                -235                      -235                   
OS/2.sTypoDescender    -235                  -235                -235                      -235                   
OS/2.usWinDescent      235                   235                 235                       235                    
hhea.lineGap           0                     0                   0                         0                      
OS/2.sTypoLineGap      0                     0                   0                         0                      
hhea total             1212                  1212                1212                      1212                   
typo total             1212                  1212                1212                      1212                   
win total              1212                  1212                1212                      1212                   
UPM:Heights            1000:1183             1000:1198           1000:1208                 1000:1178              
UPM:Heights %          118 %                 119 %               120 %                     117 %                  


bakery_lint.tests.downstream.test_check_vertical_metrics.CheckVerticalAscentMetrics.test_metrics_ascents_equal_bbox(): OK
bakery_lint.tests.downstream.test_check_vertical_metrics.CheckVerticalDescentMetrics.test_metrics_descents_equal_bbox(): OK
bakery_lint.tests.downstream.test_names_are_ascii_only.CheckNamesAreASCIIOnly.test_check_names_are_ascii_only(): OK
bakery_lint.tests.downstream.test_check_glyf_table_length.CheckGlyfTableLength.test_check_glyf_table_length(): FAIL
bakery_lint.tests.downstream.test_check_os2_width_class.CheckOS2WidthClass.test_check_os2_width_class(): OK
bakery_lint.tests.downstream.test_check_no_problematic_formats.CheckNoProblematicFormats.test_check_no_problematic_formats(): OK
bakery_lint.tests.downstream.test_check_fontname_matches_macstyle.CheckFontNameEqualToMacStyleFlags.test_fontname_is_equal_to_macstyle(): OK
bakery_lint.tests.downstream.test_gpos_table_has_kerning_info.CheckGposTableHasKerningInfo.test_gpos_table_has_kerning_info(): OK
The following table(s) in the font have been ignored by FontForge
  Ignoring 'DSIG' digital signature table
bakery_lint.tests.downstream.test_fontforge_validation_state.FontForgeValidateStateTest.test_allowed_numbers_paths_in_composite_glyphs(): OK
bakery_lint.tests.downstream.test_fontforge_validation_state.FontForgeValidateStateTest.test_allowed_numbers_paths_in_glyphs(): OK
bakery_lint.tests.downstream.test_fontforge_validation_state.FontForgeValidateStateTest.test_allowed_numbers_points_in_composite_glyphs(): OK
bakery_lint.tests.downstream.test_fontforge_validation_state.FontForgeValidateStateTest.test_allowed_numbers_points_in_glyphs(): OK
bakery_lint.tests.downstream.test_fontforge_validation_state.FontForgeValidateStateTest.test_duplicate_glyphs(): OK
bakery_lint.tests.downstream.test_fontforge_validation_state.FontForgeValidateStateTest.test_duplicate_unicode_codepoints(): OK
bakery_lint.tests.downstream.test_fontforge_validation_state.FontForgeValidateStateTest.test_flipped_reference_in_glyphs(): OK
bakery_lint.tests.downstream.test_fontforge_validation_state.FontForgeValidateStateTest.test_missing_anchors(): OK
bakery_lint.tests.downstream.test_fontforge_validation_state.FontForgeValidateStateTest.test_missing_extrema_in_glyphs(): OK
bakery_lint.tests.downstream.test_fontforge_validation_state.FontForgeValidateStateTest.test_overlapped_hints(): OK
bakery_lint.tests.downstream.test_fontforge_validation_state.FontForgeValidateStateTest.test_points_are_integer_aligned(): OK
bakery_lint.tests.downstream.test_fontforge_validation_state.FontForgeValidateStateTest.test_points_are_not_too_far_apart(): OK
bakery_lint.tests.downstream.test_fontforge_validation_state.FontForgeValidateStateTest.test_postscript_hasnt_limit_hints_in_glyphs(): OK
bakery_lint.tests.downstream.test_fontforge_validation_state.FontForgeValidateStateTest.test_postscript_hasnt_limit_points_in_glyphs(): OK
bakery_lint.tests.downstream.test_fontforge_validation_state.FontForgeValidateStateTest.test_referenced_glyphs_are_present(): OK
bakery_lint.tests.downstream.test_fontforge_validation_state.FontForgeValidateStateTest.test_valid_glyph_names(): OK
bakery_lint.tests.downstream.test_fontforge_validation_state.FontForgeValidateStateTest.test_valid_length_instructions(): OK
bakery_lint.tests.downstream.test_fontforge_validation_state.FontForgeValidateStateTest.test_validation_glyph_intersect(): OK
bakery_lint.tests.downstream.test_fontforge_validation_state.FontForgeValidateStateTest.test_validation_open_contours(): OK
bakery_lint.tests.downstream.test_fontforge_validation_state.FontForgeValidateStateTest.test_wrong_direction_in_glyphs(): OK
### Optimize TTF Rosario-BoldItalic.ttf
$ ls -l 'Rosario-BoldItalic.ttf'* # look at the size savings of that subset process
Rosario-BoldItalic.ttf.opt: 31360 bytes
Rosario-BoldItalic.ttf: 33440 bytes
$ mv /home/travis/build/fontdirectory/rosario/builds/build/Rosario-BoldItalic.ttf.opt /home/travis/build/fontdirectory/rosario/builds/build/Rosario-BoldItalic.ttf
### Autohint TTFs (ttfautohint) Rosario-BoldItalic.ttf
$ ttfautohint -l 7 -r 28 -G 50 -x 13 -w "G" /home/travis/build/fontdirectory/rosario/builds/build/Rosario-BoldItalic.ttf '/home/travis/build/fontdirectory/rosario/builds/build/Rosario-BoldItalic.autohint.ttf'

$ ls -l /home/travis/build/fontdirectory/rosario/builds/build/Rosario-BoldItalic.*ttf # look at the size savings of that subset process
/home/travis/build/fontdirectory/rosario/builds/build/Rosario-BoldItalic.ttf: 31360 bytes
/home/travis/build/fontdirectory/rosario/builds/build/Rosario-BoldItalic.autohint.ttf: 47644 bytes
$ mv /home/travis/build/fontdirectory/rosario/builds/build/Rosario-BoldItalic.autohint.ttf /home/travis/build/fontdirectory/rosario/builds/build/Rosario-BoldItalic.ttf
### Subset TTFs (pyftsubset) Rosario-BoldItalic.ttf
$ pyftsubset Rosario-BoldItalic.latin
$ pyftsubset Rosario-BoldItalic.menu
No nbsp glyph
spaceWidth is    200
nbspWidth is     0
Rosario-BoldItalic.ttf.fix made with spaceWidth and nbspWidth of 200
strippedname:/home/travis/build/fontdirectory/rosario/builds/build/Rosario-BoldItalic.ttf
$ fontbakery-build-font2ttf.py sources/Rosario-Bold.otf Rosario-Bold.ttf
Warning: Mac and Windows entries in the 'name' table differ for the
 Fullname string in the language English (US)
 Mac String: Rosario Bold
Windows String: Rosario-Bold
Success: Generated OpenType-TTF (/home/travis/build/fontdirectory/rosario/builds/build/Rosario-Bold.ttf)
strippedname:/home/travis/build/fontdirectory/rosario/builds/build/Rosario-Bold.otf
### Test Rosario-Bold.ttf
$ fontbakery-check.py result Rosario-Bold.ttf
bakery_lint.tests.downstream.test_check_italic_angle_agreement.CheckItalicAngleAgreement.test_check_italic_angle_agreement(): OK
bakery_lint.tests.downstream.test_check_upm_heights_less_120.TestCheckUPMHeightsLess120.test_check_upm_heigths_less_120(): FAIL
bakery_lint.tests.downstream.test_check_font_tables.CheckFontHasDsigTable.test_check_font_has_dsig_table(): OK
bakery_lint.tests.downstream.test_check_font_tables.CheckFontHasNotKernTable.test_no_kern_table_exists(): OK
bakery_lint.tests.downstream.test_check_name_table_recommendation.CheckStyleNameRecommendation.test_check_stylename_is_under_recommendations(): OK
bakery_lint.tests.downstream.test_check_name_table_recommendation.CheckOTFamilyNameRecommendation.test_check_opentype_familyname(): FAIL
$ fontbakery-fix-opentype-names.py /home/travis/build/fontdirectory/rosario/builds/build/Rosario-Bold.ttf
$ mv /home/travis/build/fontdirectory/rosario/builds/build/Rosario-Bold.ttf.fix /home/travis/build/fontdirectory/rosario/builds/build/Rosario-Bold.ttf
bakery_lint.tests.downstream.test_check_name_table_recommendation.CheckOTFamilyNameRecommendation.test_check_opentype_familyname(): OK
bakery_lint.tests.downstream.test_check_name_table_recommendation.CheckOTStyleNameRecommendation.test_check_opentype_stylename(): OK
bakery_lint.tests.downstream.test_check_name_table_recommendation.CheckOTFullNameRecommendation.test_check_opentype_fullname(): OK
bakery_lint.tests.downstream.test_check_nbsp_width_matches_sp_width.CheckNbspWidthMatchesSpWidth.test_check_nbsp_width_matches_sp_width(): FAIL
$ fontbakery-fix-nbsp.py /home/travis/build/fontdirectory/rosario/builds/build/Rosario-Bold.ttf
$ mv /home/travis/build/fontdirectory/rosario/builds/build/Rosario-Bold.ttf.fix /home/travis/build/fontdirectory/rosario/builds/build/Rosario-Bold.ttf
bakery_lint.tests.downstream.test_check_nbsp_width_matches_sp_width.CheckNbspWidthMatchesSpWidth.test_check_nbsp_width_matches_sp_width(): FAIL
bakery_lint.tests.downstream.test_check_names_same_across_platforms.CheckNamesSameAcrossPlatforms.test_check_names_same_across_platforms(): OK
bakery_lint.tests.downstream.test_check_panose_identification.CheckPanoseIdentification.test_check_panose_identification(): OK
bakery_lint.tests.downstream.test_check_license_included.CheckLicenseIncluded.test_license_included_in_font_names(): OK
bakery_lint.tests.downstream.test_check_full_font_name_begins_with_family_name.CheckFullFontNameBeginsWithFamilyName.test_check_full_font_name_begins_with_family_name(): OK
bakery_lint.tests.downstream.test_check_unused_glyph_data.CheckUnusedGlyphData.test_check_unused_glyph_data(): ERROR
bakery_lint.tests.downstream.test_gasp_table_value.CheckGaspTableType.test_check_gasp_table_type(): FAIL
$ fontbakery-fix-gasp.py --set=15 /home/travis/build/fontdirectory/rosario/builds/build/Rosario-Bold.ttf
$ mv /home/travis/build/fontdirectory/rosario/builds/build/Rosario-Bold.ttf.fix /home/travis/build/fontdirectory/rosario/builds/build/Rosario-Bold.ttf
bakery_lint.tests.downstream.test_gasp_table_value.CheckGaspTableType.test_check_gasp_table_type(): OK
$ fontbakery-fix-gasp.py --set=15 /home/travis/build/fontdirectory/rosario/builds/build/Rosario-Bold.ttf
$ mv /home/travis/build/fontdirectory/rosario/builds/build/Rosario-Bold.ttf.fix /home/travis/build/fontdirectory/rosario/builds/build/Rosario-Bold.ttf
bakery_lint.tests.downstream.test_check_hmtx_hhea_max_advance_width_agreement.CheckHmtxHheaMaxAdvanceWidthAgreement.test_check_hmtx_hhea_max_advance_width_agreement(): OK
bakery_lint.tests.downstream.test_check_font_agreements.CheckFsTypeIsNotSet.test_is_fstype_not_set(): OK
$ fontbakery-fix-fstype.py --autofix /home/travis/build/fontdirectory/rosario/builds/build/Rosario-Bold.ttf
$ mv /home/travis/build/fontdirectory/rosario/builds/build/Rosario-Bold.ttf.fix /home/travis/build/fontdirectory/rosario/builds/build/Rosario-Bold.ttf
bakery_lint.tests.downstream.test_check_font_agreements.CheckFontAgreements.test_em_is_1000(): OK
bakery_lint.tests.downstream.test_check_font_agreements.CheckFontAgreements.test_font_is_font(): OK
bakery_lint.tests.downstream.test_check_font_agreements.CheckFontAgreements.test_latin_file_exists(): FAIL
bakery_lint.tests.downstream.test_check_font_agreements.CheckFontAgreements.test_menu_file_exists(): FAIL
bakery_lint.tests.downstream.test_check_magic_prep_code.CheckMagicPREPByteCode.test_prep_magic_code(): FAIL
bakery_lint.tests.downstream.test_check_unencoded_glyph.TestFontUnencodedGlyph.test_font_unencoded_glyphs(): FAIL
$ fontbakery-fix-glyph-private-encoding.py --autofix /home/travis/build/fontdirectory/rosario/builds/build/Rosario-Bold.ttf
$ mv /home/travis/build/fontdirectory/rosario/builds/build/Rosario-Bold.ttf.fix /home/travis/build/fontdirectory/rosario/builds/build/Rosario-Bold.ttf
bakery_lint.tests.downstream.test_check_unencoded_glyph.TestFontUnencodedGlyph.test_font_unencoded_glyphs(): FAIL
bakery_lint.tests.downstream.test_check_glyph_existence.CheckGlyphExistence.test_euro(): OK
bakery_lint.tests.downstream.test_check_glyph_existence.CheckGlyphExistence.test_nbsp(): OK
bakery_lint.tests.downstream.test_check_glyph_existence.CheckGlyphExistence.test_space(): OK
bakery_lint.tests.downstream.test_check_vertical_metrics.CheckVerticalLinegapMetrics.test_metrics_linegaps_are_zero(): OK
bakery_lint.tests.downstream.test_check_vertical_metrics.CheckVerticalAscentMetrics.test_metrics_ascents_equal_bbox(): OK
bakery_lint.tests.downstream.test_check_vertical_metrics.CheckVerticalDescentMetrics.test_metrics_descents_equal_bbox(): OK
bakery_lint.tests.downstream.test_names_are_ascii_only.CheckNamesAreASCIIOnly.test_check_names_are_ascii_only(): OK
bakery_lint.tests.downstream.test_check_glyf_table_length.CheckGlyfTableLength.test_check_glyf_table_length(): FAIL
bakery_lint.tests.downstream.test_check_os2_width_class.CheckOS2WidthClass.test_check_os2_width_class(): OK
bakery_lint.tests.downstream.test_check_no_problematic_formats.CheckNoProblematicFormats.test_check_no_problematic_formats(): OK
bakery_lint.tests.downstream.test_check_fontname_matches_macstyle.CheckFontNameEqualToMacStyleFlags.test_fontname_is_equal_to_macstyle(): OK
bakery_lint.tests.downstream.test_gpos_table_has_kerning_info.CheckGposTableHasKerningInfo.test_gpos_table_has_kerning_info(): OK
The following table(s) in the font have been ignored by FontForge
  Ignoring 'DSIG' digital signature table
bakery_lint.tests.downstream.test_fontforge_validation_state.FontForgeValidateStateTest.test_allowed_numbers_paths_in_composite_glyphs(): OK
bakery_lint.tests.downstream.test_fontforge_validation_state.FontForgeValidateStateTest.test_allowed_numbers_paths_in_glyphs(): OK
bakery_lint.tests.downstream.test_fontforge_validation_state.FontForgeValidateStateTest.test_allowed_numbers_points_in_composite_glyphs(): OK
bakery_lint.tests.downstream.test_fontforge_validation_state.FontForgeValidateStateTest.test_allowed_numbers_points_in_glyphs(): OK
bakery_lint.tests.downstream.test_fontforge_validation_state.FontForgeValidateStateTest.test_duplicate_glyphs(): OK
bakery_lint.tests.downstream.test_fontforge_validation_state.FontForgeValidateStateTest.test_duplicate_unicode_codepoints(): OK
bakery_lint.tests.downstream.test_fontforge_validation_state.FontForgeValidateStateTest.test_flipped_reference_in_glyphs(): OK
bakery_lint.tests.downstream.test_fontforge_validation_state.FontForgeValidateStateTest.test_missing_anchors(): OK
bakery_lint.tests.downstream.test_fontforge_validation_state.FontForgeValidateStateTest.test_missing_extrema_in_glyphs(): OK
bakery_lint.tests.downstream.test_fontforge_validation_state.FontForgeValidateStateTest.test_overlapped_hints(): OK
bakery_lint.tests.downstream.test_fontforge_validation_state.FontForgeValidateStateTest.test_points_are_integer_aligned(): OK
bakery_lint.tests.downstream.test_fontforge_validation_state.FontForgeValidateStateTest.test_points_are_not_too_far_apart(): OK
bakery_lint.tests.downstream.test_fontforge_validation_state.FontForgeValidateStateTest.test_postscript_hasnt_limit_hints_in_glyphs(): OK
bakery_lint.tests.downstream.test_fontforge_validation_state.FontForgeValidateStateTest.test_postscript_hasnt_limit_points_in_glyphs(): OK
bakery_lint.tests.downstream.test_fontforge_validation_state.FontForgeValidateStateTest.test_referenced_glyphs_are_present(): OK
bakery_lint.tests.downstream.test_fontforge_validation_state.FontForgeValidateStateTest.test_valid_glyph_names(): OK
bakery_lint.tests.downstream.test_fontforge_validation_state.FontForgeValidateStateTest.test_valid_length_instructions(): OK
bakery_lint.tests.downstream.test_fontforge_validation_state.FontForgeValidateStateTest.test_validation_glyph_intersect(): OK
bakery_lint.tests.downstream.test_fontforge_validation_state.FontForgeValidateStateTest.test_validation_open_contours(): OK
bakery_lint.tests.downstream.test_fontforge_validation_state.FontForgeValidateStateTest.test_wrong_direction_in_glyphs(): OK
### Optimize TTF Rosario-Bold.ttf
$ ls -l 'Rosario-Bold.ttf'* # look at the size savings of that subset process
Rosario-Bold.ttf.opt: 30244 bytes
Rosario-Bold.ttf: 32320 bytes
$ mv /home/travis/build/fontdirectory/rosario/builds/build/Rosario-Bold.ttf.opt /home/travis/build/fontdirectory/rosario/builds/build/Rosario-Bold.ttf
### Autohint TTFs (ttfautohint) Rosario-Bold.ttf
$ ttfautohint -l 7 -r 28 -G 50 -x 13 -w "G" /home/travis/build/fontdirectory/rosario/builds/build/Rosario-Bold.ttf '/home/travis/build/fontdirectory/rosario/builds/build/Rosario-Bold.autohint.ttf'

$ ls -l /home/travis/build/fontdirectory/rosario/builds/build/Rosario-Bold.*ttf # look at the size savings of that subset process
/home/travis/build/fontdirectory/rosario/builds/build/Rosario-Bold.ttf: 30244 bytes
/home/travis/build/fontdirectory/rosario/builds/build/Rosario-Bold.autohint.ttf: 47124 bytes
$ mv /home/travis/build/fontdirectory/rosario/builds/build/Rosario-Bold.autohint.ttf /home/travis/build/fontdirectory/rosario/builds/build/Rosario-Bold.ttf
### Subset TTFs (pyftsubset) Rosario-Bold.ttf
$ pyftsubset Rosario-Bold.latin
$ pyftsubset Rosario-Bold.menu
No nbsp glyph
spaceWidth is    208
nbspWidth is     0
Rosario-Bold.ttf.fix made with spaceWidth and nbspWidth of 208
strippedname:/home/travis/build/fontdirectory/rosario/builds/build/Rosario-Bold.ttf
### Test Rosario-Italic.ttf
$ fontbakery-check.py result Rosario-Italic.ttf
bakery_lint.tests.downstream.test_check_italic_angle_agreement.CheckItalicAngleAgreement.test_check_italic_angle_agreement(): OK
bakery_lint.tests.downstream.test_check_upm_heights_less_120.TestCheckUPMHeightsLess120.test_check_upm_heigths_less_120(): FAIL
bakery_lint.tests.downstream.test_check_font_tables.CheckFontHasDsigTable.test_check_font_has_dsig_table(): FAIL
$ fontbakery-fix-dsig.py /home/travis/build/fontdirectory/rosario/builds/build/Rosario-Italic.ttf
$ mv /home/travis/build/fontdirectory/rosario/builds/build/Rosario-Italic.ttf.fix /home/travis/build/fontdirectory/rosario/builds/build/Rosario-Italic.ttf
bakery_lint.tests.downstream.test_check_font_tables.CheckFontHasDsigTable.test_check_font_has_dsig_table(): OK
bakery_lint.tests.downstream.test_check_font_tables.CheckFontHasNotKernTable.test_no_kern_table_exists(): OK
bakery_lint.tests.downstream.test_check_name_table_recommendation.CheckStyleNameRecommendation.test_check_stylename_is_under_recommendations(): OK
bakery_lint.tests.downstream.test_check_name_table_recommendation.CheckOTFamilyNameRecommendation.test_check_opentype_familyname(): FAIL
$ fontbakery-fix-opentype-names.py /home/travis/build/fontdirectory/rosario/builds/build/Rosario-Italic.ttf
$ mv /home/travis/build/fontdirectory/rosario/builds/build/Rosario-Italic.ttf.fix /home/travis/build/fontdirectory/rosario/builds/build/Rosario-Italic.ttf
bakery_lint.tests.downstream.test_check_name_table_recommendation.CheckOTFamilyNameRecommendation.test_check_opentype_familyname(): OK
bakery_lint.tests.downstream.test_check_name_table_recommendation.CheckOTStyleNameRecommendation.test_check_opentype_stylename(): FAIL
$ fontbakery-fix-opentype-names.py /home/travis/build/fontdirectory/rosario/builds/build/Rosario-Italic.ttf
$ mv /home/travis/build/fontdirectory/rosario/builds/build/Rosario-Italic.ttf.fix /home/travis/build/fontdirectory/rosario/builds/build/Rosario-Italic.ttf
bakery_lint.tests.downstream.test_check_name_table_recommendation.CheckOTStyleNameRecommendation.test_check_opentype_stylename(): FAIL
bakery_lint.tests.downstream.test_check_name_table_recommendation.CheckOTFullNameRecommendation.test_check_opentype_fullname(): OK
bakery_lint.tests.downstream.test_check_nbsp_width_matches_sp_width.CheckNbspWidthMatchesSpWidth.test_check_nbsp_width_matches_sp_width(): OK
bakery_lint.tests.downstream.test_check_names_same_across_platforms.CheckNamesSameAcrossPlatforms.test_check_names_same_across_platforms(): OK
bakery_lint.tests.downstream.test_check_panose_identification.CheckPanoseIdentification.test_check_panose_identification(): OK
bakery_lint.tests.downstream.test_check_license_included.CheckLicenseIncluded.test_license_included_in_font_names(): OK
bakery_lint.tests.downstream.test_check_full_font_name_begins_with_family_name.CheckFullFontNameBeginsWithFamilyName.test_check_full_font_name_begins_with_family_name(): OK
bakery_lint.tests.downstream.test_check_unused_glyph_data.CheckUnusedGlyphData.test_check_unused_glyph_data(): ERROR
bakery_lint.tests.downstream.test_gasp_table_value.CheckGaspTableType.test_check_gasp_table_type(): OK
$ fontbakery-fix-gasp.py --set=15 /home/travis/build/fontdirectory/rosario/builds/build/Rosario-Italic.ttf
$ mv /home/travis/build/fontdirectory/rosario/builds/build/Rosario-Italic.ttf.fix /home/travis/build/fontdirectory/rosario/builds/build/Rosario-Italic.ttf
bakery_lint.tests.downstream.test_check_hmtx_hhea_max_advance_width_agreement.CheckHmtxHheaMaxAdvanceWidthAgreement.test_check_hmtx_hhea_max_advance_width_agreement(): OK
bakery_lint.tests.downstream.test_check_font_agreements.CheckFsTypeIsNotSet.test_is_fstype_not_set(): OK
$ fontbakery-fix-fstype.py --autofix /home/travis/build/fontdirectory/rosario/builds/build/Rosario-Italic.ttf
$ mv /home/travis/build/fontdirectory/rosario/builds/build/Rosario-Italic.ttf.fix /home/travis/build/fontdirectory/rosario/builds/build/Rosario-Italic.ttf
bakery_lint.tests.downstream.test_check_font_agreements.CheckFontAgreements.test_em_is_1000(): OK
bakery_lint.tests.downstream.test_check_font_agreements.CheckFontAgreements.test_font_is_font(): OK
bakery_lint.tests.downstream.test_check_font_agreements.CheckFontAgreements.test_latin_file_exists(): FAIL
bakery_lint.tests.downstream.test_check_font_agreements.CheckFontAgreements.test_menu_file_exists(): FAIL
bakery_lint.tests.downstream.test_check_magic_prep_code.CheckMagicPREPByteCode.test_prep_magic_code(): FAIL
bakery_lint.tests.downstream.test_check_unencoded_glyph.TestFontUnencodedGlyph.test_font_unencoded_glyphs(): FAIL
$ fontbakery-fix-glyph-private-encoding.py --autofix /home/travis/build/fontdirectory/rosario/builds/build/Rosario-Italic.ttf
bakery_lint.tests.downstream.test_check_unencoded_glyph.TestFontUnencodedGlyph.test_font_unencoded_glyphs(): FAIL
bakery_lint.tests.downstream.test_check_glyph_existence.CheckGlyphExistence.test_euro(): OK
bakery_lint.tests.downstream.test_check_glyph_existence.CheckGlyphExistence.test_nbsp(): OK
bakery_lint.tests.downstream.test_check_glyph_existence.CheckGlyphExistence.test_space(): OK
bakery_lint.tests.downstream.test_check_vertical_metrics.CheckVerticalLinegapMetrics.test_metrics_linegaps_are_zero(): OK
bakery_lint.tests.downstream.test_check_vertical_metrics.CheckVerticalAscentMetrics.test_metrics_ascents_equal_bbox(): OK
bakery_lint.tests.downstream.test_check_vertical_metrics.CheckVerticalDescentMetrics.test_metrics_descents_equal_bbox(): OK
bakery_lint.tests.downstream.test_names_are_ascii_only.CheckNamesAreASCIIOnly.test_check_names_are_ascii_only(): OK
bakery_lint.tests.downstream.test_check_glyf_table_length.CheckGlyfTableLength.test_check_glyf_table_length(): FAIL
bakery_lint.tests.downstream.test_check_os2_width_class.CheckOS2WidthClass.test_check_os2_width_class(): OK
bakery_lint.tests.downstream.test_check_no_problematic_formats.CheckNoProblematicFormats.test_check_no_problematic_formats(): OK
bakery_lint.tests.downstream.test_check_fontname_matches_macstyle.CheckFontNameEqualToMacStyleFlags.test_fontname_is_equal_to_macstyle(): FAIL
bakery_lint.tests.downstream.test_gpos_table_has_kerning_info.CheckGposTableHasKerningInfo.test_gpos_table_has_kerning_info(): OK
The following table(s) in the font have been ignored by FontForge
  Ignoring 'DSIG' digital signature table
  Ignoring 'LTSH' linear threshold table
  Ignoring 'VDMX' vertical device metrics table
  Ignoring 'hdmx' horizontal device metrics table
This font contains both a 'kern' table and a 'GPOS' table.
  The 'kern' table will only be read if there is no 'kern' feature in 'GPOS'.
bakery_lint.tests.downstream.test_fontforge_validation_state.FontForgeValidateStateTest.test_allowed_numbers_paths_in_composite_glyphs(): OK
bakery_lint.tests.downstream.test_fontforge_validation_state.FontForgeValidateStateTest.test_allowed_numbers_paths_in_glyphs(): OK
bakery_lint.tests.downstream.test_fontforge_validation_state.FontForgeValidateStateTest.test_allowed_numbers_points_in_composite_glyphs(): OK
bakery_lint.tests.downstream.test_fontforge_validation_state.FontForgeValidateStateTest.test_allowed_numbers_points_in_glyphs(): OK
bakery_lint.tests.downstream.test_fontforge_validation_state.FontForgeValidateStateTest.test_duplicate_glyphs(): OK
bakery_lint.tests.downstream.test_fontforge_validation_state.FontForgeValidateStateTest.test_duplicate_unicode_codepoints(): OK
bakery_lint.tests.downstream.test_fontforge_validation_state.FontForgeValidateStateTest.test_flipped_reference_in_glyphs(): OK
bakery_lint.tests.downstream.test_fontforge_validation_state.FontForgeValidateStateTest.test_missing_anchors(): OK
bakery_lint.tests.downstream.test_fontforge_validation_state.FontForgeValidateStateTest.test_missing_extrema_in_glyphs(): OK
bakery_lint.tests.downstream.test_fontforge_validation_state.FontForgeValidateStateTest.test_overlapped_hints(): OK
bakery_lint.tests.downstream.test_fontforge_validation_state.FontForgeValidateStateTest.test_points_are_integer_aligned(): OK
bakery_lint.tests.downstream.test_fontforge_validation_state.FontForgeValidateStateTest.test_points_are_not_too_far_apart(): OK
bakery_lint.tests.downstream.test_fontforge_validation_state.FontForgeValidateStateTest.test_postscript_hasnt_limit_hints_in_glyphs(): OK
bakery_lint.tests.downstream.test_fontforge_validation_state.FontForgeValidateStateTest.test_postscript_hasnt_limit_points_in_glyphs(): OK
bakery_lint.tests.downstream.test_fontforge_validation_state.FontForgeValidateStateTest.test_referenced_glyphs_are_present(): OK
bakery_lint.tests.downstream.test_fontforge_validation_state.FontForgeValidateStateTest.test_valid_glyph_names(): OK
bakery_lint.tests.downstream.test_fontforge_validation_state.FontForgeValidateStateTest.test_valid_length_instructions(): OK
bakery_lint.tests.downstream.test_fontforge_validation_state.FontForgeValidateStateTest.test_validation_glyph_intersect(): FAIL
bakery_lint.tests.downstream.test_fontforge_validation_state.FontForgeValidateStateTest.test_validation_open_contours(): OK
bakery_lint.tests.downstream.test_fontforge_validation_state.FontForgeValidateStateTest.test_wrong_direction_in_glyphs(): OK
### Optimize TTF Rosario-Italic.ttf
$ ls -l 'Rosario-Italic.ttf'* # look at the size savings of that subset process
Rosario-Italic.ttf.opt: 41372 bytes
Rosario-Italic.ttf: 61476 bytes
$ mv /home/travis/build/fontdirectory/rosario/builds/build/Rosario-Italic.ttf.opt /home/travis/build/fontdirectory/rosario/builds/build/Rosario-Italic.ttf
### Autohint TTFs (ttfautohint) Rosario-Italic.ttf
$ ttfautohint -l 7 -r 28 -G 50 -x 13 -w "G" /home/travis/build/fontdirectory/rosario/builds/build/Rosario-Italic.ttf '/home/travis/build/fontdirectory/rosario/builds/build/Rosario-Italic.autohint.ttf'

$ ls -l /home/travis/build/fontdirectory/rosario/builds/build/Rosario-Italic.*ttf # look at the size savings of that subset process
/home/travis/build/fontdirectory/rosario/builds/build/Rosario-Italic.ttf: 41372 bytes
/home/travis/build/fontdirectory/rosario/builds/build/Rosario-Italic.autohint.ttf: 37936 bytes
$ mv /home/travis/build/fontdirectory/rosario/builds/build/Rosario-Italic.autohint.ttf /home/travis/build/fontdirectory/rosario/builds/build/Rosario-Italic.ttf
### Subset TTFs (pyftsubset) Rosario-Italic.ttf
$ pyftsubset Rosario-Italic.latin
$ pyftsubset Rosario-Italic.menu
strippedname:/home/travis/build/fontdirectory/rosario/builds/build/Rosario-Italic.ttf
$ fontbakery-build-font2ttf.py sources/Rosario-Regular.otf Rosario-Regular.ttf
Warning: Mac and Windows entries in the 'name' table differ for the
 Fullname string in the language English (US)
 Mac String: Rosario Regular
Windows String: Rosario-Regular
Success: Generated OpenType-TTF (/home/travis/build/fontdirectory/rosario/builds/build/Rosario-Regular.ttf)
strippedname:/home/travis/build/fontdirectory/rosario/builds/build/Rosario-Regular.otf
### Test Rosario-Regular.ttf
$ fontbakery-check.py result Rosario-Regular.ttf
bakery_lint.tests.downstream.test_check_italic_angle_agreement.CheckItalicAngleAgreement.test_check_italic_angle_agreement(): OK
bakery_lint.tests.downstream.test_check_upm_heights_less_120.TestCheckUPMHeightsLess120.test_check_upm_heigths_less_120(): FAIL
bakery_lint.tests.downstream.test_check_font_tables.CheckFontHasDsigTable.test_check_font_has_dsig_table(): OK
bakery_lint.tests.downstream.test_check_font_tables.CheckFontHasNotKernTable.test_no_kern_table_exists(): OK
bakery_lint.tests.downstream.test_check_name_table_recommendation.CheckStyleNameRecommendation.test_check_stylename_is_under_recommendations(): OK
bakery_lint.tests.downstream.test_check_name_table_recommendation.CheckOTFamilyNameRecommendation.test_check_opentype_familyname(): FAIL
$ fontbakery-fix-opentype-names.py /home/travis/build/fontdirectory/rosario/builds/build/Rosario-Regular.ttf
$ mv /home/travis/build/fontdirectory/rosario/builds/build/Rosario-Regular.ttf.fix /home/travis/build/fontdirectory/rosario/builds/build/Rosario-Regular.ttf
bakery_lint.tests.downstream.test_check_name_table_recommendation.CheckOTFamilyNameRecommendation.test_check_opentype_familyname(): OK
bakery_lint.tests.downstream.test_check_name_table_recommendation.CheckOTStyleNameRecommendation.test_check_opentype_stylename(): OK
bakery_lint.tests.downstream.test_check_name_table_recommendation.CheckOTFullNameRecommendation.test_check_opentype_fullname(): OK
bakery_lint.tests.downstream.test_check_nbsp_width_matches_sp_width.CheckNbspWidthMatchesSpWidth.test_check_nbsp_width_matches_sp_width(): FAIL
$ fontbakery-fix-nbsp.py /home/travis/build/fontdirectory/rosario/builds/build/Rosario-Regular.ttf
$ mv /home/travis/build/fontdirectory/rosario/builds/build/Rosario-Regular.ttf.fix /home/travis/build/fontdirectory/rosario/builds/build/Rosario-Regular.ttf
bakery_lint.tests.downstream.test_check_nbsp_width_matches_sp_width.CheckNbspWidthMatchesSpWidth.test_check_nbsp_width_matches_sp_width(): FAIL
bakery_lint.tests.downstream.test_check_names_same_across_platforms.CheckNamesSameAcrossPlatforms.test_check_names_same_across_platforms(): OK
bakery_lint.tests.downstream.test_check_panose_identification.CheckPanoseIdentification.test_check_panose_identification(): OK
bakery_lint.tests.downstream.test_check_license_included.CheckLicenseIncluded.test_license_included_in_font_names(): OK
bakery_lint.tests.downstream.test_check_full_font_name_begins_with_family_name.CheckFullFontNameBeginsWithFamilyName.test_check_full_font_name_begins_with_family_name(): OK
bakery_lint.tests.downstream.test_check_unused_glyph_data.CheckUnusedGlyphData.test_check_unused_glyph_data(): ERROR
bakery_lint.tests.downstream.test_gasp_table_value.CheckGaspTableType.test_check_gasp_table_type(): FAIL
$ fontbakery-fix-gasp.py --set=15 /home/travis/build/fontdirectory/rosario/builds/build/Rosario-Regular.ttf
$ mv /home/travis/build/fontdirectory/rosario/builds/build/Rosario-Regular.ttf.fix /home/travis/build/fontdirectory/rosario/builds/build/Rosario-Regular.ttf
bakery_lint.tests.downstream.test_gasp_table_value.CheckGaspTableType.test_check_gasp_table_type(): OK
$ fontbakery-fix-gasp.py --set=15 /home/travis/build/fontdirectory/rosario/builds/build/Rosario-Regular.ttf
$ mv /home/travis/build/fontdirectory/rosario/builds/build/Rosario-Regular.ttf.fix /home/travis/build/fontdirectory/rosario/builds/build/Rosario-Regular.ttf
bakery_lint.tests.downstream.test_check_hmtx_hhea_max_advance_width_agreement.CheckHmtxHheaMaxAdvanceWidthAgreement.test_check_hmtx_hhea_max_advance_width_agreement(): OK
bakery_lint.tests.downstream.test_check_font_agreements.CheckFsTypeIsNotSet.test_is_fstype_not_set(): OK
$ fontbakery-fix-fstype.py --autofix /home/travis/build/fontdirectory/rosario/builds/build/Rosario-Regular.ttf
$ mv /home/travis/build/fontdirectory/rosario/builds/build/Rosario-Regular.ttf.fix /home/travis/build/fontdirectory/rosario/builds/build/Rosario-Regular.ttf
bakery_lint.tests.downstream.test_check_font_agreements.CheckFontAgreements.test_em_is_1000(): OK
bakery_lint.tests.downstream.test_check_font_agreements.CheckFontAgreements.test_font_is_font(): OK
bakery_lint.tests.downstream.test_check_font_agreements.CheckFontAgreements.test_latin_file_exists(): FAIL
bakery_lint.tests.downstream.test_check_font_agreements.CheckFontAgreements.test_menu_file_exists(): FAIL
bakery_lint.tests.downstream.test_check_magic_prep_code.CheckMagicPREPByteCode.test_prep_magic_code(): FAIL
bakery_lint.tests.downstream.test_check_unencoded_glyph.TestFontUnencodedGlyph.test_font_unencoded_glyphs(): FAIL
$ fontbakery-fix-glyph-private-encoding.py --autofix /home/travis/build/fontdirectory/rosario/builds/build/Rosario-Regular.ttf
$ mv /home/travis/build/fontdirectory/rosario/builds/build/Rosario-Regular.ttf.fix /home/travis/build/fontdirectory/rosario/builds/build/Rosario-Regular.ttf
bakery_lint.tests.downstream.test_check_unencoded_glyph.TestFontUnencodedGlyph.test_font_unencoded_glyphs(): FAIL
bakery_lint.tests.downstream.test_check_glyph_existence.CheckGlyphExistence.test_euro(): OK
bakery_lint.tests.downstream.test_check_glyph_existence.CheckGlyphExistence.test_nbsp(): OK
bakery_lint.tests.downstream.test_check_glyph_existence.CheckGlyphExistence.test_space(): OK
bakery_lint.tests.downstream.test_check_vertical_metrics.CheckVerticalLinegapMetrics.test_metrics_linegaps_are_zero(): OK
bakery_lint.tests.downstream.test_check_vertical_metrics.CheckVerticalAscentMetrics.test_metrics_ascents_equal_bbox(): OK
bakery_lint.tests.downstream.test_check_vertical_metrics.CheckVerticalDescentMetrics.test_metrics_descents_equal_bbox(): OK
bakery_lint.tests.downstream.test_names_are_ascii_only.CheckNamesAreASCIIOnly.test_check_names_are_ascii_only(): OK
bakery_lint.tests.downstream.test_check_glyf_table_length.CheckGlyfTableLength.test_check_glyf_table_length(): FAIL
bakery_lint.tests.downstream.test_check_os2_width_class.CheckOS2WidthClass.test_check_os2_width_class(): OK
bakery_lint.tests.downstream.test_check_no_problematic_formats.CheckNoProblematicFormats.test_check_no_problematic_formats(): OK
bakery_lint.tests.downstream.test_check_fontname_matches_macstyle.CheckFontNameEqualToMacStyleFlags.test_fontname_is_equal_to_macstyle(): OK
bakery_lint.tests.downstream.test_gpos_table_has_kerning_info.CheckGposTableHasKerningInfo.test_gpos_table_has_kerning_info(): OK
The following table(s) in the font have been ignored by FontForge
  Ignoring 'DSIG' digital signature table
bakery_lint.tests.downstream.test_fontforge_validation_state.FontForgeValidateStateTest.test_allowed_numbers_paths_in_composite_glyphs(): OK
bakery_lint.tests.downstream.test_fontforge_validation_state.FontForgeValidateStateTest.test_allowed_numbers_paths_in_glyphs(): OK
bakery_lint.tests.downstream.test_fontforge_validation_state.FontForgeValidateStateTest.test_allowed_numbers_points_in_composite_glyphs(): OK
bakery_lint.tests.downstream.test_fontforge_validation_state.FontForgeValidateStateTest.test_allowed_numbers_points_in_glyphs(): OK
bakery_lint.tests.downstream.test_fontforge_validation_state.FontForgeValidateStateTest.test_duplicate_glyphs(): OK
bakery_lint.tests.downstream.test_fontforge_validation_state.FontForgeValidateStateTest.test_duplicate_unicode_codepoints(): OK
bakery_lint.tests.downstream.test_fontforge_validation_state.FontForgeValidateStateTest.test_flipped_reference_in_glyphs(): OK
bakery_lint.tests.downstream.test_fontforge_validation_state.FontForgeValidateStateTest.test_missing_anchors(): OK
bakery_lint.tests.downstream.test_fontforge_validation_state.FontForgeValidateStateTest.test_missing_extrema_in_glyphs(): FAIL
bakery_lint.tests.downstream.test_fontforge_validation_state.FontForgeValidateStateTest.test_overlapped_hints(): OK
bakery_lint.tests.downstream.test_fontforge_validation_state.FontForgeValidateStateTest.test_points_are_integer_aligned(): OK
bakery_lint.tests.downstream.test_fontforge_validation_state.FontForgeValidateStateTest.test_points_are_not_too_far_apart(): OK
bakery_lint.tests.downstream.test_fontforge_validation_state.FontForgeValidateStateTest.test_postscript_hasnt_limit_hints_in_glyphs(): OK
bakery_lint.tests.downstream.test_fontforge_validation_state.FontForgeValidateStateTest.test_postscript_hasnt_limit_points_in_glyphs(): OK
bakery_lint.tests.downstream.test_fontforge_validation_state.FontForgeValidateStateTest.test_referenced_glyphs_are_present(): OK
bakery_lint.tests.downstream.test_fontforge_validation_state.FontForgeValidateStateTest.test_valid_glyph_names(): OK
bakery_lint.tests.downstream.test_fontforge_validation_state.FontForgeValidateStateTest.test_valid_length_instructions(): OK
bakery_lint.tests.downstream.test_fontforge_validation_state.FontForgeValidateStateTest.test_validation_glyph_intersect(): OK
bakery_lint.tests.downstream.test_fontforge_validation_state.FontForgeValidateStateTest.test_validation_open_contours(): OK
bakery_lint.tests.downstream.test_fontforge_validation_state.FontForgeValidateStateTest.test_wrong_direction_in_glyphs(): OK
### Optimize TTF Rosario-Regular.ttf
$ ls -l 'Rosario-Regular.ttf'* # look at the size savings of that subset process
Rosario-Regular.ttf.opt: 26648 bytes
Rosario-Regular.ttf: 28724 bytes
$ mv /home/travis/build/fontdirectory/rosario/builds/build/Rosario-Regular.ttf.opt /home/travis/build/fontdirectory/rosario/builds/build/Rosario-Regular.ttf
### Autohint TTFs (ttfautohint) Rosario-Regular.ttf
$ ttfautohint -l 7 -r 28 -G 50 -x 13 -w "G" /home/travis/build/fontdirectory/rosario/builds/build/Rosario-Regular.ttf '/home/travis/build/fontdirectory/rosario/builds/build/Rosario-Regular.autohint.ttf'

$ ls -l /home/travis/build/fontdirectory/rosario/builds/build/Rosario-Regular.*ttf # look at the size savings of that subset process
/home/travis/build/fontdirectory/rosario/builds/build/Rosario-Regular.ttf: 26648 bytes
/home/travis/build/fontdirectory/rosario/builds/build/Rosario-Regular.autohint.ttf: 44104 bytes
$ mv /home/travis/build/fontdirectory/rosario/builds/build/Rosario-Regular.autohint.ttf /home/travis/build/fontdirectory/rosario/builds/build/Rosario-Regular.ttf
### Subset TTFs (pyftsubset) Rosario-Regular.ttf
$ pyftsubset Rosario-Regular.latin
$ pyftsubset Rosario-Regular.menu
No nbsp glyph
spaceWidth is    230
nbspWidth is     0
Rosario-Regular.ttf.fix made with spaceWidth and nbspWidth of 230
strippedname:/home/travis/build/fontdirectory/rosario/builds/build/Rosario-Regular.ttf
### (5 of 6) Generate METADATA.json (fontbakery-build-metadata.py)
$ fontbakery-build-metadata.py /home/travis/build/fontdirectory/rosario/builds/build
{} exists
Designer's name from font is: Hector Gatti
Original size: 44104\nGzip size: 25605
Family Name: Rosario
PS Name: Rosario-Italic
Full Name: Rosario Italic
Style: normal
Weight: 400
Filename: Rosario-Italic.ttf
Copyright: Copyright (c) 2011 by Omnibus-Type (www.omnibus-type.com) with Reserved Font Name "Rosario". Copyright (c) 2013 by Adobe Systems Incorporated. All Rights Reserved.
Family Name: Rosario
PS Name: Rosario-BoldItalic
Full Name: Rosario-BoldItalic
Style: normal
Weight: 700
Filename: Rosario-BoldItalic.ttf
Copyright: Copyright (c) 2011 by Omnibus-Type (www.omnibus-type.com) with Reserved Font Name "Rosario".
Family Name: Rosario
PS Name: Rosario-Regular
Full Name: Rosario-Regular
Style: normal
Weight: 400
Filename: Rosario-Regular.ttf
Copyright: Copyright (c) 2011 by Omnibus-Type (www.omnibus-type.com) with Reserved Font Name "Rosario".
Family Name: Rosario
PS Name: Rosario-Bold
Full Name: Rosario-Bold
Style: normal
Weight: 700
Filename: Rosario-Bold.ttf
Copyright: Copyright (c) 2011 by Omnibus-Type (www.omnibus-type.com) with Reserved Font Name "Rosario".
### (6 of 6) Run tests for METADATA.json
$ fontbakery-check.py metadata METADATA.json
bakery_lint.tests.metadata_test.MetadataSubsetsListTest.test_charset_latin(): OK
bakery_lint.tests.metadata_test.MetadataSubsetsListTest.test_charset_menu(): OK
bakery_lint.tests.metadata_test.MetadataTest.test_description_is_more_than_500b(): OK
bakery_lint.tests.metadata_test.MetadataTest.test_description_is_valid_html(): FAIL
bakery_lint.tests.metadata_test.MetadataTest.test_does_not_familyName_exist_in_daltonmaag_catalogue(): FAIL
bakery_lint.tests.metadata_test.MetadataTest.test_does_not_familyName_exist_in_fontbureau_catalogue(): OK
bakery_lint.tests.metadata_test.MetadataTest.test_does_not_familyName_exist_in_fontscom_catalogue(): OK
bakery_lint.tests.metadata_test.MetadataTest.test_does_not_familyName_exist_in_fontshop_catalogue(): FAIL
bakery_lint.tests.metadata_test.MetadataTest.test_does_not_familyName_exist_in_fontsmith_catalogue(): FAIL
bakery_lint.tests.metadata_test.MetadataTest.test_does_not_familyName_exist_in_houseind_catalogue(): OK
bakery_lint.tests.metadata_test.MetadataTest.test_does_not_familyName_exist_in_myfonts_catalogue(): FAIL
bakery_lint.tests.metadata_test.MetadataTest.test_does_not_familyName_exist_in_veer_catalogue(): OK
bakery_lint.tests.metadata_test.MetadataTest.test_family_is_listed_in_gwf(): OK
bakery_lint.tests.metadata_test.MetadataTest.test_metadata_atleast_latin_menu_subsets_exist(): OK
/home/travis/virtualenv/python2.7.8/lib/python2.7/site-packages/bakery_lint/tests/metadata_test.py:141: UnicodeWarning: Unicode equal comparison failed to convert both arguments to Unicode - interpreting them as being unequal
  self.assertTrue(designer in designers,
bakery_lint.tests.metadata_test.MetadataTest.test_metadata_designer_exists_in_profiles_csv(): OK
bakery_lint.tests.metadata_test.MetadataTest.test_metadata_fonts_items_dicts(): OK
bakery_lint.tests.metadata_test.MetadataTest.test_metadata_fonts_key_list(): OK
bakery_lint.tests.metadata_test.MetadataTest.test_metadata_fonts_no_dupes(): OK
bakery_lint.tests.metadata_test.MetadataTest.test_metadata_has_unique_style_weight_pairs(): OK
bakery_lint.tests.metadata_test.MetadataTest.test_metadata_keys(): OK
bakery_lint.tests.metadata_test.MetadataTest.test_metadata_license(): OK
bakery_lint.tests.metadata_test.MetadataTest.test_metadata_no_unknown_top_keys(): OK
bakery_lint.tests.metadata_test.MetadataTest.test_metadata_subsets_key_list(): OK
bakery_lint.tests.metadata_test.MetadataTest.test_metadata_top_keys_types(): OK
bakery_lint.tests.downstream.test_check_metadata_style_matches_names.CheckItalicStyleMatchesMacStyle.test_check_italic_style_matches_names(): FAIL
bakery_lint.tests.downstream.test_check_metadata_style_matches_names.CheckNormalStyleMatchesMacStyle.test_check_normal_style_matches_names(): OK
bakery_lint.tests.downstream.test_check_text_files_exist.CheckTextFilesExist.test_copyrighttxt_exists(): FAIL
bakery_lint.tests.downstream.test_check_text_files_exist.CheckTextFilesExist.test_description_exists(): OK
bakery_lint.tests.downstream.test_check_text_files_exist.CheckTextFilesExist.test_fontlogtxt_exists(): OK
bakery_lint.tests.downstream.test_check_text_files_exist.CheckTextFilesExist.test_licensetxt_exists(): FAIL
bakery_lint.tests.downstream.test_check_menu_contains_proper_glyphs.CheckMenuSubsetContainsProperGlyphs.test_check_menu_contains_proper_glyphs(): FAIL
bakery_lint.tests.downstream.test_check_glyph_consistency.CheckGlyphConsistencyInFamily.test_the_same_encodings_of_glyphs_across_family(): OK
bakery_lint.tests.downstream.test_check_glyph_consistency.CheckGlyphConsistencyInFamily.test_the_same_names_of_glyphs_across_family(): FAIL
bakery_lint.tests.downstream.test_check_glyph_consistency.CheckGlyphConsistencyInFamily.test_the_same_number_of_glyphs_across_family(): FAIL
bakery_lint.tests.downstream.test_metadata_font_copyright.CheckMetadataContainsReservedFontName.test_copyright_contains_correct_rfn(): OK
bakery_lint.tests.downstream.test_metadata_font_copyright.CheckMetadataContainsReservedFontName.test_copyright_is_consistent_across_family(): OK
bakery_lint.tests.downstream.test_metadata_font_copyright.CheckMetadataContainsReservedFontName.test_copyright_matches_pattern(): OK
bakery_lint.tests.downstream.test_metadata_font_copyright.CheckMetadataContainsReservedFontName.test_metadata_copyright_size(): OK
bakery_lint.tests.downstream.test_check_monospace_agreements.CheckMonospaceAgreement.test_check_monospace_agreement(): OK
bakery_lint.tests.downstream.test_check_font_name_not_in_camelcase.CheckFontNameNotInCamelCase.test_fontname_not_in_camel_case(): OK
bakery_lint.tests.downstream.test_check_canonical_styles.CheckCanonicalStyles.test_check_canonical_styles(): OK
bakery_lint.tests.downstream.test_check_metadata_matches_nametable.CheckMetadataMatchesNameTable.test_check_metadata_matches_nametable(): FAIL
bakery_lint.tests.downstream.test_check_metadata_fields.CheckMetadataFields.test_check_metadata_fields(): OK
bakery_lint.tests.downstream.test_check_subsets_exists.CheckSubsetsExist.test_check_subsets_exists(): OK
bakery_lint.tests.downstream.test_check_canonical_filenames.CheckCanonicalFilenames.test_check_canonical_filenames(): OK
bakery_lint.tests.downstream.test_check_files_menu_agreements.CheckFontsMenuAgreements.test_menu_file_agreement(): OK
bakery_lint.tests.downstream.test_check_familyname_matches_fontnames.CheckFamilyNameMatchesFontNames.test_check_familyname_matches_fontnames(): OK
bakery_lint.tests.downstream.test_metadata_agreements.TestFontOnDiskFamilyEqualToMetadataJSON.test_font_on_disk_family_equal_in_metadata_json(): OK
bakery_lint.tests.downstream.test_metadata_agreements.TestPostScriptNameInMetadataEqualFontOnDisk.test_postscriptname_in_metadata_equal_to_font_on_disk(): OK
bakery_lint.tests.downstream.test_metadata_agreements.CheckMetadataAgreements.test_font_name_matches_family(): OK
bakery_lint.tests.downstream.test_metadata_agreements.CheckMetadataAgreements.test_metadata_family_values_are_all_the_same(): OK
bakery_lint.tests.downstream.test_metadata_agreements.CheckMetadataAgreements.test_metadata_filename_matches_postscriptname(): OK
bakery_lint.tests.downstream.test_metadata_agreements.CheckMetadataAgreements.test_metadata_font_have_regular(): OK
bakery_lint.tests.downstream.test_metadata_agreements.CheckMetadataAgreements.test_metadata_fonts_fields_have_fontname(): OK
bakery_lint.tests.downstream.test_metadata_agreements.CheckMetadataAgreements.test_metadata_fullname_is_equal_to_internal_font_fullname(): FAIL
bakery_lint.tests.downstream.test_metadata_agreements.CheckMetadataAgreements.test_metadata_fullname_matches_postScriptName(): OK
bakery_lint.tests.downstream.test_metadata_agreements.CheckMetadataAgreements.test_metadata_regular_is_400(): OK
bakery_lint.tests.downstream.test_metadata_agreements.CheckMetadataAgreements.test_metadata_regular_is_normal(): OK
bakery_lint.tests.downstream.test_check_canonical_weights.CheckCanonicalWeights.test_check_canonical_weights(): OK
bakery_lint.tests.downstream.test_check_canonical_weights.CheckPostScriptNameMatchesWeight.test_postscriptname_contains_correct_weight(): OK
bakery_lint.tests.downstream.test_check_canonical_weights.CheckFontWeightSameAsInMetadata.test_font_weight_same_as_in_metadata(): OK
bakery_lint.tests.downstream.test_check_canonical_weights.CheckFullNameEqualCanonicalName.test_metadata_contains_current_font(): OK
{
  "name": "Rosario", 
  "designer": "Omnibus-Type", 
  "license": "OFL", 
  "visibility": "External", 
  "category": "Sans Serif", 
  "size": 19392, 
  "fonts": [
    {
      "name": "Rosario", 
      "postScriptName": "Rosario-Italic", 
      "fullName": "Rosario Italic", 
      "style": "normal", 
      "weight": 400, 
      "filename": "Rosario-Italic.ttf", 
      "copyright": "Copyright (c) 2011 by Omnibus-Type (www.omnibus-type.com) with Reserved Font Name \"Rosario\". Copyright (c) 2013 by Adobe Systems Incorporated. All Rights Reserved."
    }, 
    {
      "name": "Rosario", 
      "postScriptName": "Rosario-BoldItalic", 
      "fullName": "Rosario-BoldItalic", 
      "style": "normal", 
      "weight": 700, 
      "filename": "Rosario-BoldItalic.ttf", 
      "copyright": "Copyright (c) 2011 by Omnibus-Type (www.omnibus-type.com) with Reserved Font Name \"Rosario\"."
    }, 
    {
      "name": "Rosario", 
      "postScriptName": "Rosario-Regular", 
      "fullName": "Rosario-Regular", 
      "style": "normal", 
      "weight": 400, 
      "filename": "Rosario-Regular.ttf", 
      "copyright": "Copyright (c) 2011 by Omnibus-Type (www.omnibus-type.com) with Reserved Font Name \"Rosario\"."
    }, 
    {
      "name": "Rosario", 
      "postScriptName": "Rosario-Bold", 
      "fullName": "Rosario-Bold", 
      "style": "normal", 
      "weight": 700, 
      "filename": "Rosario-Bold.ttf", 
      "copyright": "Copyright (c) 2011 by Omnibus-Type (www.omnibus-type.com) with Reserved Font Name \"Rosario\"."
    }
  ], 
  "subsets": [
    "latin", 
    "menu"
  ], 
  "dateAdded": "2011-09-07"
}
